[portfolio/index.html]
[portfolio/images/favicon.ico]
[backblue.gif]
[fade.gif]
[index.html]
[portfolio/about.html]
[portfolio/pdf/DanielAutry_Resume.pdf]
[portfolio/images/home/wapo.png]
[portfolio/elliewood.html]
[portfolio/images/elliewood/jumpbox-resize.png]
[portfolio/images/goldman/goldman-1.png]
[portfolio/goldman.html]
[portfolio/images/home/launch.jpg]
[portfolio/images/home/behance.png]
[portfolio/images/home/linkedin.png]
[portfolio/images/home/medium.png]
[portfolio/images/home/dribble.png]
[portfolio/images/home/github.png]
[ajax.googleapis.com/ajax/libs/jquery/3.1.1/jquery.min.js]
[portfolio/js/main.min.js]
[portfolio/index.html]
[fonts.googleapis.com/cssaba3.css]
[fonts.googleapis.com/css8285.css]
[fonts.googleapis.com/csscf60.css]
[fonts.googleapis.com/css49c6.css]
[portfolio/images/grey.jpg]
[portfolio/videos/movie.mp4]
[portfolio/images/about/daniel-7.jpg]
[ajax.googleapis.com/ajax/libs/jqueryui/1.12.1/jquery-ui.min.js]
[portfolio/js/preload.min.js]
[portfolio/about.html]
[portfolio/images/elliewood/jumpbox.png]
[portfolio/images/elliewood/uva.png]
[portfolio/images/elliewood/med.png]
[portfolio/images/elliewood/cav.png]
[portfolio/images/elliewood/nbc.png]
[portfolio/images/elliewood/student.png]
[portfolio/images/elliewood/family.png]
[portfolio/images/elliewood/friends.png]
[portfolio/images/elliewood/ra.png]
[portfolio/images/elliewood/therapist.png]
[portfolio/images/elliewood/psych.png]
[portfolio/images/elliewood/director.png]
[portfolio/images/elliewood/proffessor.png]
[portfolio/images/elliewood/duke-2.png]
[portfolio/images/elliewood/penn-state.jpg]
[portfolio/images/elliewood/texas-longhorn.png]
[portfolio/images/recharge/recharge-2.png]
[portfolio/elliewood.html]
[portfolio/mindbrush.html]
[portfolio/images/goldman/google.png]
[portfolio/images/goldman/json.png]
[portfolio/goldman.html]
[portfolio/propel.html]
[portfolio/pdf/AutryDanielResume.pdf]
[portfolio/images/mindbrush/mindbrush.png]
[portfolio/pdf/MindBrush E-Cup-final.pdf]
[portfolio/images/mindbrush/invite.png]
[portfolio/images/mindbrush/loading.png]
[portfolio/images/mindbrush/meditate.png]
[portfolio/images/mindbrush/bed.png]
[portfolio/images/mindbrush/nature.png]
[portfolio/images/mindbrush/mb-1.png]
[portfolio/images/mindbrush/mindbrush-04.png]
[portfolio/images/mindbrush/logo_onwhite.png]
[portfolio/images/mindbrush/event check in_2.0.png]
[portfolio/images/mindbrush/home_2.0.png]
[portfolio/images/mindbrush/feed_2.0.png]
[portfolio/images/mindbrush/friends_2.0.png]
[portfolio/images/mindbrush/mb-2.png]
[portfolio/images/mindbrush/mb-3.png]
[portfolio/images/mindbrush/after-reschedule.png]
[portfolio/images/mindbrush/change-x.png]
[portfolio/images/mindbrush/compare-trends.png]
[portfolio/mindbrush.html]
[fonts.googleapis.com/cssdc53.css]
[portfolio/images/propel/micro-7.png]
[portfolio/images/propel/behance-case-study.png]
[portfolio/propel.html]
[fonts.googleapis.com/css4c43.css]
[fonts.googleapis.com/css76bd.css]
[portfolio/css/utilities.min.css]
[portfolio/images/home/daniel-bw-1.56.delayed]
[ajax.googleapis.com/ajax/libs/jquery/3.1.1/jquery.min.js]
[ajax.googleapis.com/ajax/libs/jqueryui/1.12.1/jquery-ui.min.js]
[portfolio/images/home/radical-1-resize.png]
[portfolio/images/home/highline.jpg]
[portfolio/images/home/Mindfulness.gif]
[portfolio/images/home/daniel-bw-1.jpg]
[portfolio/images/home/dailyui-5-resize.png]
[portfolio/images/home/uniwellness-1.png]
[portfolio/images/home/babylon-1-resize.jpg]
[portfolio/css/styles.min.css]
[portfolio/css/animate.min.css]
[portfolio/goldman.html]
[portfolio/images/grey.html]
[portfolio/images/elliewood/undraw_book_lover_mkck.svg]
[portfolio/images/elliewood/elliewood-2.svg]
[portfolio/images/elliewood/elliewood-3.svg]
[portfolio/images/elliewood/doctors.svg]
[portfolio/images/elliewood/elliewood-6.svg]
[portfolio/images/elliewood/elliewood-7.svg]
[portfolio/mindbrush.html]
[portfolio/images/goldman/trade.svg]
[portfolio/images/goldman/invest.svg]
[portfolio/pdf/AutryDanielResume.html]
[portfolio/images/mindbrush/thought.svg]
[portfolio/images/mindbrush/child.svg]
[portfolio/images/mindbrush/college-1.svg]
[portfolio/images/mindbrush/dream.svg]
